
> @figma/my-make-file@0.0.1 build
> next build

Γû▓ Next.js 16.1.6 (Turbopack)

  Creating an optimized production build ...
npm : 
At line:1 char:1
+ npm run build > 
build_output.txt 2>&1
+ ~~~~~~~~~~~~~~~~~~~~~
~~~~~~~~~~~~~~~~
    + CategoryInfo     
         : NotSpecifi  
  ed: (:String) [],    
 RemoteException
    + FullyQualifiedEr 
   rorId : NativeComm  
  andError
 
> Build error occurred
Error: Turbopack build 
failed with 13 errors:
./src/app/order/[id]/pa
ge.tsx:6:1
Module not found: 
Can't resolve 
'../../../utils/api'
[0m [90m 4 |[39m 
[36mimport[39m { 
useParams[33m,[39m 
useRouter } 
[36mfrom[39m [32m"ne
xt/navigation"[39m[33
m;[39m
 [90m 5 |[39m 
[36mimport[39m { 
useAuth } 
[36mfrom[39m [32m"..
/../components/Root"[3
9m[33m;[39m
[31m[1m>[22m[39m[9
0m 6 |[39m 
[36mimport[39m { 
getOrders[33m,[39m 
type [33mOrder[39m } 
[36mfrom[39m [32m"..
/../../utils/api"[39m
[33m;[39m
 [90m   |[39m [31m[
1m^[22m[39m[31m[1m^
[22m[39m[31m[1m^[2
2m[39m[31m[1m^[22m
[39m[31m[1m^[22m[39
m[31m[1m^[22m[39m[
31m[1m^[22m[39m[31m
[1m^[22m[39m[31m[1
m^[22m[39m[31m[1m^
[22m[39m[31m[1m^[22
m[39m[31m[1m^[22m[
39m[31m[1m^[22m[39m
[31m[1m^[22m[39m[3
1m[1m^[22m[39m[31m
[1m^[22m[39m[31m[1m
^[22m[39m[31m[1m^[
22m[39m[31m[1m^[22m
[39m[31m[1m^[22m[3
9m[31m[1m^[22m[39m
[31m[1m^[22m[39m[31
m[1m^[22m[39m[31m[
1m^[22m[39m[31m[1m^
[22m[39m[31m[1m^[2
2m[39m[31m[1m^[22m
[39m[31m[1m^[22m[39
m[31m[1m^[22m[39m[
31m[1m^[22m[39m[31m
[1m^[22m[39m[31m[1
m^[22m[39m[31m[1m^
[22m[39m[31m[1m^[22
m[39m[31m[1m^[22m[
39m[31m[1m^[22m[39m
[31m[1m^[22m[39m[3
1m[1m^[22m[39m[31m
[1m^[22m[39m[31m[1m
^[22m[39m[31m[1m^[
22m[39m[31m[1m^[22m
[39m[31m[1m^[22m[3
9m[31m[1m^[22m[39m
[31m[1m^[22m[39m[31
m[1m^[22m[39m[31m[
1m^[22m[39m[31m[1m^
[22m[39m[31m[1m^[2
2m[39m[31m[1m^[22m
[39m[31m[1m^[22m[39
m[31m[1m^[22m[39m[
31m[1m^[22m[39m[31m
[1m^[22m[39m[31m[1
m^[22m[39m[31m[1m^
[22m[39m[31m[1m^[22
m[39m[31m[1m^[22m[
39m[31m[1m^[22m[39m
 [90m 7 |[39m 
[36mimport[39m { [33
mCard[39m[33m,[39m 
[33mCardContent[39m[3
3m,[39m [33mCardDescr
iption[39m[33m,[39m 
[33mCardHeader[39m[3
3m,[39m 
[33mCardTitle[39m } 
[36mfrom[39m [32m"..
/../components/ui/card"
[39m[33m;[39m
 [90m 8 |[39m 
[36mimport[39m { 
[33mBadge[39m } 
[36mfrom[39m [32m"..
/../components/ui/badge
"[39m[33m;[39m
 [90m 9 |[39m 
[36mimport[39m { 
[33mProgress[39m } 
[36mfrom[39m [32m"..
/../components/ui/progr
ess"[39m[33m;[39m[0
m



Import traces:
  Client Component 
Browser:
    ./src/app/order/[id
]/page.tsx [Client 
Component Browser]
    ./src/app/order/[id
]/page.tsx [Server 
Component]

  Client Component SSR:
    ./src/app/order/[id
]/page.tsx [Client 
Component SSR]
    ./src/app/order/[id
]/page.tsx [Server 
Component]

https://nextjs.org/docs
/messages/module-not-fo
und


./src/app/rider/history
/page.tsx:6:1
Module not found: 
Can't resolve 
'../../../utils/api'
[0m [90m 4 |[39m 
[36mimport[39m { 
useRouter } 
[36mfrom[39m [32m"ne
xt/navigation"[39m[33
m;[39m
 [90m 5 |[39m 
[36mimport[39m { 
useAuth } 
[36mfrom[39m [32m"..
/../components/Root"[3
9m[33m;[39m
[31m[1m>[22m[39m[9
0m 6 |[39m 
[36mimport[39m { 
getOrders[33m,[39m 
type [33mOrder[39m } 
[36mfrom[39m [32m"..
/../../utils/api"[39m
[33m;[39m
 [90m   |[39m [31m[
1m^[22m[39m[31m[1m^
[22m[39m[31m[1m^[2
2m[39m[31m[1m^[22m
[39m[31m[1m^[22m[39
m[31m[1m^[22m[39m[
31m[1m^[22m[39m[31m
[1m^[22m[39m[31m[1
m^[22m[39m[31m[1m^
[22m[39m[31m[1m^[22
m[39m[31m[1m^[22m[
39m[31m[1m^[22m[39m
[31m[1m^[22m[39m[3
1m[1m^[22m[39m[31m
[1m^[22m[39m[31m[1m
^[22m[39m[31m[1m^[
22m[39m[31m[1m^[22m
[39m[31m[1m^[22m[3
9m[31m[1m^[22m[39m
[31m[1m^[22m[39m[31
m[1m^[22m[39m[31m[
1m^[22m[39m[31m[1m^
[22m[39m[31m[1m^[2
2m[39m[31m[1m^[22m
[39m[31m[1m^[22m[39
m[31m[1m^[22m[39m[
31m[1m^[22m[39m[31m
[1m^[22m[39m[31m[1
m^[22m[39m[31m[1m^
[22m[39m[31m[1m^[22
m[39m[31m[1m^[22m[
39m[31m[1m^[22m[39m
[31m[1m^[22m[39m[3
1m[1m^[22m[39m[31m
[1m^[22m[39m[31m[1m
^[22m[39m[31m[1m^[
22m[39m[31m[1m^[22m
[39m[31m[1m^[22m[3
9m[31m[1m^[22m[39m
[31m[1m^[22m[39m[31
m[1m^[22m[39m[31m[
1m^[22m[39m[31m[1m^
[22m[39m[31m[1m^[2
2m[39m[31m[1m^[22m
[39m[31m[1m^[22m[39
m[31m[1m^[22m[39m[
31m[1m^[22m[39m[31m
[1m^[22m[39m[31m[1
m^[22m[39m[31m[1m^
[22m[39m[31m[1m^[22
m[39m[31m[1m^[22m[
39m[31m[1m^[22m[39m
 [90m 7 |[39m 
[36mimport[39m { [33
mCard[39m[33m,[39m 
[33mCardContent[39m[3
3m,[39m [33mCardDescr
iption[39m[33m,[39m 
[33mCardHeader[39m[3
3m,[39m 
[33mCardTitle[39m } 
[36mfrom[39m [32m"..
/../components/ui/card"
[39m[33m;[39m
 [90m 8 |[39m 
[36mimport[39m { 
[33mBadge[39m } 
[36mfrom[39m [32m"..
/../components/ui/badge
"[39m[33m;[39m
 [90m 9 |[39m 
[36mimport[39m { [33
mPackage[39m[33m,[39
m [33mMapPin[39m[33m
,[39m [33mDollarSign
[39m[33m,[39m [33mCh
eckCircle[39m[33m,[3
9m 
[33mTrendingUp[39m } 
[36mfrom[39m [32m"lu
cide-react"[39m[33m;
[39m[0m



Import traces:
  Client Component 
Browser:
    ./src/app/rider/his
tory/page.tsx [Client 
Component Browser]
    ./src/app/rider/his
tory/page.tsx [Server 
Component]

  Client Component SSR:
    ./src/app/rider/his
tory/page.tsx [Client 
Component SSR]
    ./src/app/rider/his
tory/page.tsx [Server 
Component]

https://nextjs.org/docs
/messages/module-not-fo
und


./src/app/rider/jobs/pa
ge.tsx:6:1
Module not found: 
Can't resolve 
'../../../utils/api'
[0m [90m 4 |[39m 
[36mimport[39m { 
useRouter } 
[36mfrom[39m [32m"ne
xt/navigation"[39m[33
m;[39m
 [90m 5 |[39m 
[36mimport[39m { 
useAuth } 
[36mfrom[39m [32m"..
/../components/Root"[3
9m[33m;[39m
[31m[1m>[22m[39m[9
0m 6 |[39m 
[36mimport[39m { getR
iderJobs[33m,[39m upd
ateOrderStatus[33m,[3
9m type 
[33mOrder[39m } 
[36mfrom[39m [32m"..
/../../utils/api"[39m
[33m;[39m
 [90m   |[39m [31m[
1m^[22m[39m[31m[1m^
[22m[39m[31m[1m^[2
2m[39m[31m[1m^[22m
[39m[31m[1m^[22m[39
m[31m[1m^[22m[39m[
31m[1m^[22m[39m[31m
[1m^[22m[39m[31m[1
m^[22m[39m[31m[1m^
[22m[39m[31m[1m^[22
m[39m[31m[1m^[22m[
39m[31m[1m^[22m[39m
[31m[1m^[22m[39m[3
1m[1m^[22m[39m[31m
[1m^[22m[39m[31m[1m
^[22m[39m[31m[1m^[
22m[39m[31m[1m^[22m
[39m[31m[1m^[22m[3
9m[31m[1m^[22m[39m
[31m[1m^[22m[39m[31
m[1m^[22m[39m[31m[
1m^[22m[39m[31m[1m^
[22m[39m[31m[1m^[2
2m[39m[31m[1m^[22m
[39m[31m[1m^[22m[39
m[31m[1m^[22m[39m[
31m[1m^[22m[39m[31m
[1m^[22m[39m[31m[1
m^[22m[39m[31m[1m^
[22m[39m[31m[1m^[22
m[39m[31m[1m^[22m[
39m[31m[1m^[22m[39m
[31m[1m^[22m[39m[3
1m[1m^[22m[39m[31m
[1m^[22m[39m[31m[1m
^[22m[39m[31m[1m^[
22m[39m[31m[1m^[22m
[39m[31m[1m^[22m[3
9m[31m[1m^[22m[39m
[31m[1m^[22m[39m[31
m[1m^[22m[39m[31m[
1m^[22m[39m[31m[1m^
[22m[39m[31m[1m^[2
2m[39m[31m[1m^[22m
[39m[31m[1m^[22m[39
m[31m[1m^[22m[39m[
31m[1m^[22m[39m[31m
[1m^[22m[39m[31m[1
m^[22m[39m[31m[1m^
[22m[39m[31m[1m^[22
m[39m[31m[1m^[22m[
39m[31m[1m^[22m[39m
[31m[1m^[22m[39m[3
1m[1m^[22m[39m[31m
[1m^[22m[39m[31m[1m
^[22m[39m[31m[1m^[
22m[39m[31m[1m^[22m
[39m[31m[1m^[22m[3
9m[31m[1m^[22m[39m
[31m[1m^[22m[39m[31
m[1m^[22m[39m[31m[
1m^[22m[39m[31m[1m^
[22m[39m[31m[1m^[2
2m[39m[31m[1m^[22m
[39m[31m[1m^[22m[39
m[31m[1m^[22m[39m[
31m[1m^[22m[39m[31m
[1m^[22m[39m[31m[1
m^[22m[39m[31m[1m^
[22m[39m[31m[1m^[22
m[39m[31m[1m^[22m[
39m
 [90m 7 |[39m 
[36mimport[39m { 
[33mButton[39m } 
[36mfrom[39m [32m"..
/../components/ui/butto
n"[39m[33m;[39m
 [90m 8 |[39m 
[36mimport[39m { [33
mCard[39m[33m,[39m 
[33mCardContent[39m[3
3m,[39m [33mCardDescr
iption[39m[33m,[39m 
[33mCardHeader[39m[3
3m,[39m 
[33mCardTitle[39m } 
[36mfrom[39m [32m"..
/../components/ui/card"
[39m[33m;[39m
 [90m 9 |[39m 
[36mimport[39m { 
[33mBadge[39m } 
[36mfrom[39m [32m"..
/../components/ui/badge
"[39m[33m;[39m[0m



Import traces:
  Client Component 
Browser:
    ./src/app/rider/job
s/page.tsx [Client 
Component Browser]
    ./src/app/rider/job
s/page.tsx [Server 
Component]

  Client Component SSR:
    ./src/app/rider/job
s/page.tsx [Client 
Component SSR]
    ./src/app/rider/job
s/page.tsx [Server 
Component]

https://nextjs.org/docs
/messages/module-not-fo
und


./src/app/vendor/reques
ts/page.tsx:6:1
Module not found: 
Can't resolve 
'../../../utils/api'
[0m [90m 4 |[39m 
[36mimport[39m { 
useRouter } 
[36mfrom[39m [32m"ne
xt/navigation"[39m[33
m;[39m
 [90m 5 |[39m 
[36mimport[39m { 
useAuth } 
[36mfrom[39m [32m"..
/../components/Root"[3
9m[33m;[39m
[31m[1m>[22m[39m[9
0m 6 |[39m 
[36mimport[39m { 
getRequests[33m,[39m 
type [33mRequest[39m 
} [36mfrom[39m [32m"
../../../utils/api"[39
m[33m;[39m
 [90m   |[39m [31m[
1m^[22m[39m[31m[1m^
[22m[39m[31m[1m^[2
2m[39m[31m[1m^[22m
[39m[31m[1m^[22m[39
m[31m[1m^[22m[39m[
31m[1m^[22m[39m[31m
[1m^[22m[39m[31m[1
m^[22m[39m[31m[1m^
[22m[39m[31m[1m^[22
m[39m[31m[1m^[22m[
39m[31m[1m^[22m[39m
[31m[1m^[22m[39m[3
1m[1m^[22m[39m[31m
[1m^[22m[39m[31m[1m
^[22m[39m[31m[1m^[
22m[39m[31m[1m^[22m
[39m[31m[1m^[22m[3
9m[31m[1m^[22m[39m
[31m[1m^[22m[39m[31
m[1m^[22m[39m[31m[
1m^[22m[39m[31m[1m^
[22m[39m[31m[1m^[2
2m[39m[31m[1m^[22m
[39m[31m[1m^[22m[39
m[31m[1m^[22m[39m[
31m[1m^[22m[39m[31m
[1m^[22m[39m[31m[1
m^[22m[39m[31m[1m^
[22m[39m[31m[1m^[22
m[39m[31m[1m^[22m[
39m[31m[1m^[22m[39m
[31m[1m^[22m[39m[3
1m[1m^[22m[39m[31m
[1m^[22m[39m[31m[1m
^[22m[39m[31m[1m^[
22m[39m[31m[1m^[22m
[39m[31m[1m^[22m[3
9m[31m[1m^[22m[39m
[31m[1m^[22m[39m[31
m[1m^[22m[39m[31m[
1m^[22m[39m[31m[1m^
[22m[39m[31m[1m^[2
2m[39m[31m[1m^[22m
[39m[31m[1m^[22m[39
m[31m[1m^[22m[39m[
31m[1m^[22m[39m[31m
[1m^[22m[39m[31m[1
m^[22m[39m[31m[1m^
[22m[39m[31m[1m^[22
m[39m[31m[1m^[22m[
39m[31m[1m^[22m[39m
[31m[1m^[22m[39m[3
1m[1m^[22m[39m[31m
[1m^[22m[39m[31m[1m
^[22m[39m
 [90m 7 |[39m 
[36mimport[39m { 
[33mButton[39m } 
[36mfrom[39m [32m"..
/../components/ui/butto
n"[39m[33m;[39m
 [90m 8 |[39m 
[36mimport[39m { [33
mCard[39m[33m,[39m 
[33mCardContent[39m[3
3m,[39m [33mCardDescr
iption[39m[33m,[39m 
[33mCardHeader[39m[3
3m,[39m 
[33mCardTitle[39m } 
[36mfrom[39m [32m"..
/../components/ui/card"
[39m[33m;[39m
 [90m 9 |[39m 
[36mimport[39m { 
[33mBadge[39m } 
[36mfrom[39m [32m"..
/../components/ui/badge
"[39m[33m;[39m[0m



Import traces:
  Client Component 
Browser:
    ./src/app/vendor/re
quests/page.tsx 
[Client Component 
Browser]
    ./src/app/vendor/re
quests/page.tsx 
[Server Component]

  Client Component SSR:
    ./src/app/vendor/re
quests/page.tsx 
[Client Component SSR]
    ./src/app/vendor/re
quests/page.tsx 
[Server Component]

https://nextjs.org/docs
/messages/module-not-fo
und


./src/app/vendor/respon
d/[id]/page.tsx:5:1
Module not found: 
Can't resolve 
'../../components/Root'
[0m [90m 3 |[39m 
[36mimport[39m { 
useState[33m,[39m 
useEffect } 
[36mfrom[39m [32m"re
act"[39m[33m;[39m
 [90m 4 |[39m 
[36mimport[39m { 
useParams[33m,[39m 
useRouter } 
[36mfrom[39m [32m"ne
xt/navigation"[39m[33
m;[39m
[31m[1m>[22m[39m[9
0m 5 |[39m 
[36mimport[39m { 
useAuth } 
[36mfrom[39m [32m"..
/../components/Root"[3
9m[33m;[39m
 [90m   |[39m [31m[
1m^[22m[39m[31m[1m^
[22m[39m[31m[1m^[2
2m[39m[31m[1m^[22m
[39m[31m[1m^[22m[39
m[31m[1m^[22m[39m[
31m[1m^[22m[39m[31m
[1m^[22m[39m[31m[1
m^[22m[39m[31m[1m^
[22m[39m[31m[1m^[22
m[39m[31m[1m^[22m[
39m[31m[1m^[22m[39m
[31m[1m^[22m[39m[3
1m[1m^[22m[39m[31m
[1m^[22m[39m[31m[1m
^[22m[39m[31m[1m^[
22m[39m[31m[1m^[22m
[39m[31m[1m^[22m[3
9m[31m[1m^[22m[39m
[31m[1m^[22m[39m[31
m[1m^[22m[39m[31m[
1m^[22m[39m[31m[1m^
[22m[39m[31m[1m^[2
2m[39m[31m[1m^[22m
[39m[31m[1m^[22m[39
m[31m[1m^[22m[39m[
31m[1m^[22m[39m[31m
[1m^[22m[39m[31m[1
m^[22m[39m[31m[1m^
[22m[39m[31m[1m^[22
m[39m[31m[1m^[22m[
39m[31m[1m^[22m[39m
[31m[1m^[22m[39m[3
1m[1m^[22m[39m[31m
[1m^[22m[39m[31m[1m
^[22m[39m[31m[1m^[
22m[39m[31m[1m^[22m
[39m[31m[1m^[22m[3
9m[31m[1m^[22m[39m
[31m[1m^[22m[39m[31
m[1m^[22m[39m[31m[
1m^[22m[39m[31m[1m^
[22m[39m
 [90m 6 |[39m 
[36mimport[39m { 
getRequest[33m,[39m 
createOffer[33m,[39m 
type [33mRequest[39m 
} [36mfrom[39m [32m"
../../../utils/api"[39
m[33m;[39m
 [90m 7 |[39m 
[36mimport[39m { 
[33mButton[39m } 
[36mfrom[39m [32m"..
/../components/ui/butto
n"[39m[33m;[39m
 [90m 8 |[39m 
[36mimport[39m { 
[33mInput[39m } 
[36mfrom[39m [32m"..
/../components/ui/input
"[39m[33m;[39m[0m



Import traces:
  Client Component 
Browser:
    ./src/app/vendor/re
spond/[id]/page.tsx 
[Client Component 
Browser]
    ./src/app/vendor/re
spond/[id]/page.tsx 
[Server Component]

  Client Component SSR:
    ./src/app/vendor/re
spond/[id]/page.tsx 
[Client Component SSR]
    ./src/app/vendor/re
spond/[id]/page.tsx 
[Server Component]

https://nextjs.org/docs
/messages/module-not-fo
und


./src/app/vendor/respon
d/[id]/page.tsx:7:1
Module not found: 
Can't resolve '../../co
mponents/ui/button'
[0m [90m  5 |[39m 
[36mimport[39m { 
useAuth } 
[36mfrom[39m [32m"..
/../components/Root"[3
9m[33m;[39m
 [90m  6 |[39m 
[36mimport[39m { 
getRequest[33m,[39m 
createOffer[33m,[39m 
type [33mRequest[39m 
} [36mfrom[39m [32m"
../../../utils/api"[39
m[33m;[39m
[31m[1m>[22m[39m[9
0m  7 |[39m 
[36mimport[39m { 
[33mButton[39m } 
[36mfrom[39m [32m"..
/../components/ui/butto
n"[39m[33m;[39m
 [90m    |[39m [31m
[1m^[22m[39m[31m[1m
^[22m[39m[31m[1m^[
22m[39m[31m[1m^[22m
[39m[31m[1m^[22m[3
9m[31m[1m^[22m[39m
[31m[1m^[22m[39m[31
m[1m^[22m[39m[31m[
1m^[22m[39m[31m[1m^
[22m[39m[31m[1m^[2
2m[39m[31m[1m^[22m
[39m[31m[1m^[22m[39
m[31m[1m^[22m[39m[
31m[1m^[22m[39m[31m
[1m^[22m[39m[31m[1
m^[22m[39m[31m[1m^
[22m[39m[31m[1m^[22
m[39m[31m[1m^[22m[
39m[31m[1m^[22m[39m
[31m[1m^[22m[39m[3
1m[1m^[22m[39m[31m
[1m^[22m[39m[31m[1m
^[22m[39m[31m[1m^[
22m[39m[31m[1m^[22m
[39m[31m[1m^[22m[3
9m[31m[1m^[22m[39m
[31m[1m^[22m[39m[31
m[1m^[22m[39m[31m[
1m^[22m[39m[31m[1m^
[22m[39m[31m[1m^[2
2m[39m[31m[1m^[22m
[39m[31m[1m^[22m[39
m[31m[1m^[22m[39m[
31m[1m^[22m[39m[31m
[1m^[22m[39m[31m[1
m^[22m[39m[31m[1m^
[22m[39m[31m[1m^[22
m[39m[31m[1m^[22m[
39m[31m[1m^[22m[39m
[31m[1m^[22m[39m[3
1m[1m^[22m[39m[31m
[1m^[22m[39m[31m[1m
^[22m[39m[31m[1m^[
22m[39m[31m[1m^[22m
[39m[31m[1m^[22m[3
9m[31m[1m^[22m[39m
 [90m  8 |[39m 
[36mimport[39m { 
[33mInput[39m } 
[36mfrom[39m [32m"..
/../components/ui/input
"[39m[33m;[39m
 [90m  9 |[39m 
[36mimport[39m { 
[33mLabel[39m } 
[36mfrom[39m [32m"..
/../components/ui/label
"[39m[33m;[39m
 [90m 10 |[39m 
[36mimport[39m { [33
mCard[39m[33m,[39m 
[33mCardContent[39m[3
3m,[39m [33mCardDescr
iption[39m[33m,[39m 
[33mCardHeader[39m[3
3m,[39m 
[33mCardTitle[39m } 
[36mfrom[39m [32m"..
/../components/ui/card"
[39m[33m;[39m[0m



Import traces:
  Client Component 
Browser:
    ./src/app/vendor/re
spond/[id]/page.tsx 
[Client Component 
Browser]
    ./src/app/vendor/re
spond/[id]/page.tsx 
[Server Component]

  Client Component SSR:
    ./src/app/vendor/re
spond/[id]/page.tsx 
[Client Component SSR]
    ./src/app/vendor/re
spond/[id]/page.tsx 
[Server Component]

https://nextjs.org/docs
/messages/module-not-fo
und


./src/app/vendor/respon
d/[id]/page.tsx:10:1
Module not found: 
Can't resolve '../../co
mponents/ui/card'
[0m [90m  8 |[39m 
[36mimport[39m { 
[33mInput[39m } 
[36mfrom[39m [32m"..
/../components/ui/input
"[39m[33m;[39m
 [90m  9 |[39m 
[36mimport[39m { 
[33mLabel[39m } 
[36mfrom[39m [32m"..
/../components/ui/label
"[39m[33m;[39m
[31m[1m>[22m[39m[9
0m 10 |[39m 
[36mimport[39m { [33
mCard[39m[33m,[39m 
[33mCardContent[39m[3
3m,[39m [33mCardDescr
iption[39m[33m,[39m 
[33mCardHeader[39m[3
3m,[39m 
[33mCardTitle[39m } 
[36mfrom[39m [32m"..
/../components/ui/card"
[39m[33m;[39m
 [90m    |[39m [31m
[1m^[22m[39m[31m[1m
^[22m[39m[31m[1m^[
22m[39m[31m[1m^[22m
[39m[31m[1m^[22m[3
9m[31m[1m^[22m[39m
[31m[1m^[22m[39m[31
m[1m^[22m[39m[31m[
1m^[22m[39m[31m[1m^
[22m[39m[31m[1m^[2
2m[39m[31m[1m^[22m
[39m[31m[1m^[22m[39
m[31m[1m^[22m[39m[
31m[1m^[22m[39m[31m
[1m^[22m[39m[31m[1
m^[22m[39m[31m[1m^
[22m[39m[31m[1m^[22
m[39m[31m[1m^[22m[
39m[31m[1m^[22m[39m
[31m[1m^[22m[39m[3
1m[1m^[22m[39m[31m
[1m^[22m[39m[31m[1m
^[22m[39m[31m[1m^[
22m[39m[31m[1m^[22m
[39m[31m[1m^[22m[3
9m[31m[1m^[22m[39m
[31m[1m^[22m[39m[31
m[1m^[22m[39m[31m[
1m^[22m[39m[31m[1m^
[22m[39m[31m[1m^[2
2m[39m[31m[1m^[22m
[39m[31m[1m^[22m[39
m[31m[1m^[22m[39m[
31m[1m^[22m[39m[31m
[1m^[22m[39m[31m[1
m^[22m[39m[31m[1m^
[22m[39m[31m[1m^[22
m[39m[31m[1m^[22m[
39m[31m[1m^[22m[39m
[31m[1m^[22m[39m[3
1m[1m^[22m[39m[31m
[1m^[22m[39m[31m[1m
^[22m[39m[31m[1m^[
22m[39m[31m[1m^[22m
[39m[31m[1m^[22m[3
9m[31m[1m^[22m[39m
[31m[1m^[22m[39m[31
m[1m^[22m[39m[31m[
1m^[22m[39m[31m[1m^
[22m[39m[31m[1m^[2
2m[39m[31m[1m^[22m
[39m[31m[1m^[22m[39
m[31m[1m^[22m[39m[
31m[1m^[22m[39m[31m
[1m^[22m[39m[31m[1
m^[22m[39m[31m[1m^
[22m[39m[31m[1m^[22
m[39m[31m[1m^[22m[
39m[31m[1m^[22m[39m
[31m[1m^[22m[39m[3
1m[1m^[22m[39m[31m
[1m^[22m[39m[31m[1m
^[22m[39m[31m[1m^[
22m[39m[31m[1m^[22m
[39m[31m[1m^[22m[3
9m[31m[1m^[22m[39m
[31m[1m^[22m[39m[31
m[1m^[22m[39m[31m[
1m^[22m[39m[31m[1m^
[22m[39m[31m[1m^[2
2m[39m[31m[1m^[22m
[39m[31m[1m^[22m[39
m[31m[1m^[22m[39m[
31m[1m^[22m[39m[31m
[1m^[22m[39m[31m[1
m^[22m[39m[31m[1m^
[22m[39m[31m[1m^[22
m[39m[31m[1m^[22m[
39m[31m[1m^[22m[39m
[31m[1m^[22m[39m[3
1m[1m^[22m[39m[31m
[1m^[22m[39m[31m[1m
^[22m[39m[31m[1m^[
22m[39m[31m[1m^[22m
[39m[31m[1m^[22m[3
9m[31m[1m^[22m[39m
[31m[1m^[22m[39m[31
m[1m^[22m[39m[31m[
1m^[22m[39m
 [90m 11 |[39m 
[36mimport[39m { [33
mPackage[39m[33m,[39
m [33mMapPin[39m[33m
,[39m [33mDollarSign
[39m[33m,[39m [33mCl
ock[39m[33m,[39m [3
3mSend[39m[33m,[39m 
[33mStore[39m } 
[36mfrom[39m [32m"lu
cide-react"[39m[33m;
[39m
 [90m 12 |[39m 
[36mimport[39m { 
toast } [36mfrom[39m 
[32m"sonner"[39m[33m
;[39m
 [90m 13 |[39m 
[36mimport[39m { 
motion } 
[36mfrom[39m [32m"fr
amer-motion"[39m[33m;
[39m[0m



Import traces:
  Client Component 
Browser:
    ./src/app/vendor/re
spond/[id]/page.tsx 
[Client Component 
Browser]
    ./src/app/vendor/re
spond/[id]/page.tsx 
[Server Component]

  Client Component SSR:
    ./src/app/vendor/re
spond/[id]/page.tsx 
[Client Component SSR]
    ./src/app/vendor/re
spond/[id]/page.tsx 
[Server Component]

https://nextjs.org/docs
/messages/module-not-fo
und


./src/app/vendor/respon
d/[id]/page.tsx:8:1
Module not found: 
Can't resolve '../../co
mponents/ui/input'
[0m [90m  6 |[39m 
[36mimport[39m { 
getRequest[33m,[39m 
createOffer[33m,[39m 
type [33mRequest[39m 
} [36mfrom[39m [32m"
../../../utils/api"[39
m[33m;[39m
 [90m  7 |[39m 
[36mimport[39m { 
[33mButton[39m } 
[36mfrom[39m [32m"..
/../components/ui/butto
n"[39m[33m;[39m
[31m[1m>[22m[39m[9
0m  8 |[39m 
[36mimport[39m { 
[33mInput[39m } 
[36mfrom[39m [32m"..
/../components/ui/input
"[39m[33m;[39m
 [90m    |[39m [31m
[1m^[22m[39m[31m[1m
^[22m[39m[31m[1m^[
22m[39m[31m[1m^[22m
[39m[31m[1m^[22m[3
9m[31m[1m^[22m[39m
[31m[1m^[22m[39m[31
m[1m^[22m[39m[31m[
1m^[22m[39m[31m[1m^
[22m[39m[31m[1m^[2
2m[39m[31m[1m^[22m
[39m[31m[1m^[22m[39
m[31m[1m^[22m[39m[
31m[1m^[22m[39m[31m
[1m^[22m[39m[31m[1
m^[22m[39m[31m[1m^
[22m[39m[31m[1m^[22
m[39m[31m[1m^[22m[
39m[31m[1m^[22m[39m
[31m[1m^[22m[39m[3
1m[1m^[22m[39m[31m
[1m^[22m[39m[31m[1m
^[22m[39m[31m[1m^[
22m[39m[31m[1m^[22m
[39m[31m[1m^[22m[3
9m[31m[1m^[22m[39m
[31m[1m^[22m[39m[31
m[1m^[22m[39m[31m[
1m^[22m[39m[31m[1m^
[22m[39m[31m[1m^[2
2m[39m[31m[1m^[22m
[39m[31m[1m^[22m[39
m[31m[1m^[22m[39m[
31m[1m^[22m[39m[31m
[1m^[22m[39m[31m[1
m^[22m[39m[31m[1m^
[22m[39m[31m[1m^[22
m[39m[31m[1m^[22m[
39m[31m[1m^[22m[39m
[31m[1m^[22m[39m[3
1m[1m^[22m[39m[31m
[1m^[22m[39m[31m[1m
^[22m[39m[31m[1m^[
22m[39m[31m[1m^[22m
[39m
 [90m  9 |[39m 
[36mimport[39m { 
[33mLabel[39m } 
[36mfrom[39m [32m"..
/../components/ui/label
"[39m[33m;[39m
 [90m 10 |[39m 
[36mimport[39m { [33
mCard[39m[33m,[39m 
[33mCardContent[39m[3
3m,[39m [33mCardDescr
iption[39m[33m,[39m 
[33mCardHeader[39m[3
3m,[39m 
[33mCardTitle[39m } 
[36mfrom[39m [32m"..
/../components/ui/card"
[39m[33m;[39m
 [90m 11 |[39m 
[36mimport[39m { [33
mPackage[39m[33m,[39
m [33mMapPin[39m[33m
,[39m [33mDollarSign
[39m[33m,[39m [33mCl
ock[39m[33m,[39m [3
3mSend[39m[33m,[39m 
[33mStore[39m } 
[36mfrom[39m [32m"lu
cide-react"[39m[33m;
[39m[0m



Import traces:
  Client Component 
Browser:
    ./src/app/vendor/re
spond/[id]/page.tsx 
[Client Component 
Browser]
    ./src/app/vendor/re
spond/[id]/page.tsx 
[Server Component]

  Client Component SSR:
    ./src/app/vendor/re
spond/[id]/page.tsx 
[Client Component SSR]
    ./src/app/vendor/re
spond/[id]/page.tsx 
[Server Component]

https://nextjs.org/docs
/messages/module-not-fo
und


./src/app/vendor/respon
d/[id]/page.tsx:9:1
Module not found: 
Can't resolve '../../co
mponents/ui/label'
[0m [90m  7 |[39m 
[36mimport[39m { 
[33mButton[39m } 
[36mfrom[39m [32m"..
/../components/ui/butto
n"[39m[33m;[39m
 [90m  8 |[39m 
[36mimport[39m { 
[33mInput[39m } 
[36mfrom[39m [32m"..
/../components/ui/input
"[39m[33m;[39m
[31m[1m>[22m[39m[9
0m  9 |[39m 
[36mimport[39m { 
[33mLabel[39m } 
[36mfrom[39m [32m"..
/../components/ui/label
"[39m[33m;[39m
 [90m    |[39m [31m
[1m^[22m[39m[31m[1m
^[22m[39m[31m[1m^[
22m[39m[31m[1m^[22m
[39m[31m[1m^[22m[3
9m[31m[1m^[22m[39m
[31m[1m^[22m[39m[31
m[1m^[22m[39m[31m[
1m^[22m[39m[31m[1m^
[22m[39m[31m[1m^[2
2m[39m[31m[1m^[22m
[39m[31m[1m^[22m[39
m[31m[1m^[22m[39m[
31m[1m^[22m[39m[31m
[1m^[22m[39m[31m[1
m^[22m[39m[31m[1m^
[22m[39m[31m[1m^[22
m[39m[31m[1m^[22m[
39m[31m[1m^[22m[39m
[31m[1m^[22m[39m[3
1m[1m^[22m[39m[31m
[1m^[22m[39m[31m[1m
^[22m[39m[31m[1m^[
22m[39m[31m[1m^[22m
[39m[31m[1m^[22m[3
9m[31m[1m^[22m[39m
[31m[1m^[22m[39m[31
m[1m^[22m[39m[31m[
1m^[22m[39m[31m[1m^
[22m[39m[31m[1m^[2
2m[39m[31m[1m^[22m
[39m[31m[1m^[22m[39
m[31m[1m^[22m[39m[
31m[1m^[22m[39m[31m
[1m^[22m[39m[31m[1
m^[22m[39m[31m[1m^
[22m[39m[31m[1m^[22
m[39m[31m[1m^[22m[
39m[31m[1m^[22m[39m
[31m[1m^[22m[39m[3
1m[1m^[22m[39m[31m
[1m^[22m[39m[31m[1m
^[22m[39m[31m[1m^[
22m[39m[31m[1m^[22m
[39m
 [90m 10 |[39m 
[36mimport[39m { [33
mCard[39m[33m,[39m 
[33mCardContent[39m[3
3m,[39m [33mCardDescr
iption[39m[33m,[39m 
[33mCardHeader[39m[3
3m,[39m 
[33mCardTitle[39m } 
[36mfrom[39m [32m"..
/../components/ui/card"
[39m[33m;[39m
 [90m 11 |[39m 
[36mimport[39m { [33
mPackage[39m[33m,[39
m [33mMapPin[39m[33m
,[39m [33mDollarSign
[39m[33m,[39m [33mCl
ock[39m[33m,[39m [3
3mSend[39m[33m,[39m 
[33mStore[39m } 
[36mfrom[39m [32m"lu
cide-react"[39m[33m;
[39m
 [90m 12 |[39m 
[36mimport[39m { 
toast } [36mfrom[39m 
[32m"sonner"[39m[33m
;[39m[0m



Import traces:
  Client Component 
Browser:
    ./src/app/vendor/re
spond/[id]/page.tsx 
[Client Component 
Browser]
    ./src/app/vendor/re
spond/[id]/page.tsx 
[Server Component]

  Client Component SSR:
    ./src/app/vendor/re
spond/[id]/page.tsx 
[Client Component SSR]
    ./src/app/vendor/re
spond/[id]/page.tsx 
[Server Component]

https://nextjs.org/docs
/messages/module-not-fo
und


./src/app/request-item/
page.tsx:6:1
Module not found: 
Can't resolve 
'../../utils/api'
[0m [90m 4 |[39m 
[36mimport[39m { 
useRouter } 
[36mfrom[39m [32m"ne
xt/navigation"[39m[33
m;[39m
 [90m 5 |[39m 
[36mimport[39m { 
useAuth } 
[36mfrom[39m [32m"..
/components/Root"[39m
[33m;[39m
[31m[1m>[22m[39m[9
0m 6 |[39m 
[36mimport[39m { 
createRequest } 
[36mfrom[39m [32m"..
/../utils/api"[39m[33
m;[39m
 [90m   |[39m [31m[
1m^[22m[39m[31m[1m^
[22m[39m[31m[1m^[2
2m[39m[31m[1m^[22m
[39m[31m[1m^[22m[39
m[31m[1m^[22m[39m[
31m[1m^[22m[39m[31m
[1m^[22m[39m[31m[1
m^[22m[39m[31m[1m^
[22m[39m[31m[1m^[22
m[39m[31m[1m^[22m[
39m[31m[1m^[22m[39m
[31m[1m^[22m[39m[3
1m[1m^[22m[39m[31m
[1m^[22m[39m[31m[1m
^[22m[39m[31m[1m^[
22m[39m[31m[1m^[22m
[39m[31m[1m^[22m[3
9m[31m[1m^[22m[39m
[31m[1m^[22m[39m[31
m[1m^[22m[39m[31m[
1m^[22m[39m[31m[1m^
[22m[39m[31m[1m^[2
2m[39m[31m[1m^[22m
[39m[31m[1m^[22m[39
m[31m[1m^[22m[39m[
31m[1m^[22m[39m[31m
[1m^[22m[39m[31m[1
m^[22m[39m[31m[1m^
[22m[39m[31m[1m^[22
m[39m[31m[1m^[22m[
39m[31m[1m^[22m[39m
[31m[1m^[22m[39m[3
1m[1m^[22m[39m[31m
[1m^[22m[39m[31m[1m
^[22m[39m[31m[1m^[
22m[39m[31m[1m^[22m
[39m[31m[1m^[22m[3
9m[31m[1m^[22m[39m
[31m[1m^[22m[39m[31
m[1m^[22m[39m[31m[
1m^[22m[39m[31m[1m^
[22m[39m
 [90m 7 |[39m 
[36mimport[39m { 
[33mButton[39m } 
[36mfrom[39m [32m"..
/components/ui/button"
[39m[33m;[39m
 [90m 8 |[39m 
[36mimport[39m { 
[33mInput[39m } 
[36mfrom[39m [32m"..
/components/ui/input"[
39m[33m;[39m
 [90m 9 |[39m 
[36mimport[39m { 
[33mLabel[39m } 
[36mfrom[39m [32m"..
/components/ui/label"[
39m[33m;[39m[0m



Import traces:
  Client Component 
Browser:
    ./src/app/request-i
tem/page.tsx [Client 
Component Browser]
    ./src/app/request-i
tem/page.tsx [Server 
Component]

  Client Component SSR:
    ./src/app/request-i
tem/page.tsx [Client 
Component SSR]
    ./src/app/request-i
tem/page.tsx [Server 
Component]

https://nextjs.org/docs
/messages/module-not-fo
und


./src/app/requests/page
.tsx:6:1
Module not found: 
Can't resolve 
'../../utils/api'
[0m [90m 4 |[39m 
[36mimport[39m { 
useRouter } 
[36mfrom[39m [32m"ne
xt/navigation"[39m[33
m;[39m
 [90m 5 |[39m 
[36mimport[39m { 
useAuth } 
[36mfrom[39m [32m"..
/components/Root"[39m
[33m;[39m
[31m[1m>[22m[39m[9
0m 6 |[39m 
[36mimport[39m { 
getRequests[33m,[39m 
getOffers[33m,[39m 
createOrder[33m,[39m 
type [33mRequest[39m
[33m,[39m type 
[33mOffer[39m } 
[36mfrom[39m [32m"..
/../utils/api"[39m[33
m;[39m
 [90m   |[39m [31m[
1m^[22m[39m[31m[1m^
[22m[39m[31m[1m^[2
2m[39m[31m[1m^[22m
[39m[31m[1m^[22m[39
m[31m[1m^[22m[39m[
31m[1m^[22m[39m[31m
[1m^[22m[39m[31m[1
m^[22m[39m[31m[1m^
[22m[39m[31m[1m^[22
m[39m[31m[1m^[22m[
39m[31m[1m^[22m[39m
[31m[1m^[22m[39m[3
1m[1m^[22m[39m[31m
[1m^[22m[39m[31m[1m
^[22m[39m[31m[1m^[
22m[39m[31m[1m^[22m
[39m[31m[1m^[22m[3
9m[31m[1m^[22m[39m
[31m[1m^[22m[39m[31
m[1m^[22m[39m[31m[
1m^[22m[39m[31m[1m^
[22m[39m[31m[1m^[2
2m[39m[31m[1m^[22m
[39m[31m[1m^[22m[39
m[31m[1m^[22m[39m[
31m[1m^[22m[39m[31m
[1m^[22m[39m[31m[1
m^[22m[39m[31m[1m^
[22m[39m[31m[1m^[22
m[39m[31m[1m^[22m[
39m[31m[1m^[22m[39m
[31m[1m^[22m[39m[3
1m[1m^[22m[39m[31m
[1m^[22m[39m[31m[1m
^[22m[39m[31m[1m^[
22m[39m[31m[1m^[22m
[39m[31m[1m^[22m[3
9m[31m[1m^[22m[39m
[31m[1m^[22m[39m[31
m[1m^[22m[39m[31m[
1m^[22m[39m[31m[1m^
[22m[39m[31m[1m^[2
2m[39m[31m[1m^[22m
[39m[31m[1m^[22m[39
m[31m[1m^[22m[39m[
31m[1m^[22m[39m[31m
[1m^[22m[39m[31m[1
m^[22m[39m[31m[1m^
[22m[39m[31m[1m^[22
m[39m[31m[1m^[22m[
39m[31m[1m^[22m[39m
[31m[1m^[22m[39m[3
1m[1m^[22m[39m[31m
[1m^[22m[39m[31m[1m
^[22m[39m[31m[1m^[
22m[39m[31m[1m^[22m
[39m[31m[1m^[22m[3
9m[31m[1m^[22m[39m
[31m[1m^[22m[39m[31
m[1m^[22m[39m[31m[
1m^[22m[39m[31m[1m^
[22m[39m[31m[1m^[2
2m[39m[31m[1m^[22m
[39m[31m[1m^[22m[39
m[31m[1m^[22m[39m[
31m[1m^[22m[39m[31m
[1m^[22m[39m[31m[1
m^[22m[39m[31m[1m^
[22m[39m[31m[1m^[22
m[39m[31m[1m^[22m[
39m[31m[1m^[22m[39m
[31m[1m^[22m[39m[3
1m[1m^[22m[39m[31m
[1m^[22m[39m[31m[1m
^[22m[39m[31m[1m^[
22m[39m[31m[1m^[22m
[39m[31m[1m^[22m[3
9m[31m[1m^[22m[39m
[31m[1m^[22m[39m[31
m[1m^[22m[39m[31m[
1m^[22m[39m[31m[1m^
[22m[39m[31m[1m^[2
2m[39m[31m[1m^[22m
[39m
 [90m 7 |[39m 
[36mimport[39m { 
[33mButton[39m } 
[36mfrom[39m [32m"..
/components/ui/button"
[39m[33m;[39m
 [90m 8 |[39m 
[36mimport[39m { [33
mCard[39m[33m,[39m 
[33mCardContent[39m[3
3m,[39m [33mCardDescr
iption[39m[33m,[39m 
[33mCardHeader[39m[3
3m,[39m 
[33mCardTitle[39m } 
[36mfrom[39m [32m"..
/components/ui/card"[3
9m[33m;[39m
 [90m 9 |[39m 
[36mimport[39m { 
[33mBadge[39m } 
[36mfrom[39m [32m"..
/components/ui/badge"[
39m[33m;[39m[0m



Import traces:
  Client Component 
Browser:
    ./src/app/requests/
page.tsx [Client 
Component Browser]
    ./src/app/requests/
page.tsx [Server 
Component]

  Client Component SSR:
    ./src/app/requests/
page.tsx [Client 
Component SSR]
    ./src/app/requests/
page.tsx [Server 
Component]

https://nextjs.org/docs
/messages/module-not-fo
und


./src/app/page.tsx:6:1
Module not found: 
Can't resolve 
'../utils/api'
[0m [90m 4 |[39m 
[36mimport[39m { 
useRouter } 
[36mfrom[39m [32m"ne
xt/navigation"[39m[33
m;[39m
 [90m 5 |[39m 
[36mimport[39m { 
useAuth } 
[36mfrom[39m [32m"./
components/Root"[39m[
33m;[39m
[31m[1m>[22m[39m[9
0m 6 |[39m 
[36mimport[39m { 
signup[33m,[39m 
signin } 
[36mfrom[39m [32m"..
/utils/api"[39m[33m;
[39m
 [90m   |[39m [31m[
1m^[22m[39m[31m[1m^
[22m[39m[31m[1m^[2
2m[39m[31m[1m^[22m
[39m[31m[1m^[22m[39
m[31m[1m^[22m[39m[
31m[1m^[22m[39m[31m
[1m^[22m[39m[31m[1
m^[22m[39m[31m[1m^
[22m[39m[31m[1m^[22
m[39m[31m[1m^[22m[
39m[31m[1m^[22m[39m
[31m[1m^[22m[39m[3
1m[1m^[22m[39m[31m
[1m^[22m[39m[31m[1m
^[22m[39m[31m[1m^[
22m[39m[31m[1m^[22m
[39m[31m[1m^[22m[3
9m[31m[1m^[22m[39m
[31m[1m^[22m[39m[31
m[1m^[22m[39m[31m[
1m^[22m[39m[31m[1m^
[22m[39m[31m[1m^[2
2m[39m[31m[1m^[22m
[39m[31m[1m^[22m[39
m[31m[1m^[22m[39m[
31m[1m^[22m[39m[31m
[1m^[22m[39m[31m[1
m^[22m[39m[31m[1m^
[22m[39m[31m[1m^[22
m[39m[31m[1m^[22m[
39m[31m[1m^[22m[39m
[31m[1m^[22m[39m[3
1m[1m^[22m[39m[31m
[1m^[22m[39m[31m[1m
^[22m[39m[31m[1m^[
22m[39m[31m[1m^[22m
[39m[31m[1m^[22m[3
9m[31m[1m^[22m[39m
[31m[1m^[22m[39m[31
m[1m^[22m[39m
 [90m 7 |[39m 
[36mimport[39m { 
[33mButton[39m } 
[36mfrom[39m [32m"./
components/ui/button"[
39m[33m;[39m
 [90m 8 |[39m 
[36mimport[39m { 
[33mInput[39m } 
[36mfrom[39m [32m"./
components/ui/input"[3
9m[33m;[39m
 [90m 9 |[39m 
[36mimport[39m { 
[33mLabel[39m } 
[36mfrom[39m [32m"./
components/ui/label"[3
9m[33m;[39m[0m



Import traces:
  Client Component 
Browser:
    ./src/app/page.tsx 
[Client Component 
Browser]
    ./src/app/page.tsx 
[Server Component]

  Client Component SSR:
    ./src/app/page.tsx 
[Client Component SSR]
    ./src/app/page.tsx 
[Server Component]

https://nextjs.org/docs
/messages/module-not-fo
und


./src/app/utils
Module not found: 
Can't resolve 
'./utils/supabase/info'
server relative 
imports are not 
implemented yet. 
Please try an import 
relative to the file 
you are importing from.


https://nextjs.org/docs
/messages/module-not-fo
und


    at <unknown> (./src
/app/order/[id]/page.ts
x:6:1)
    at <unknown> (https
://nextjs.org/docs/mess
ages/module-not-found)
    at <unknown> (./src
/app/rider/history/page
.tsx:6:1)
    at <unknown> (https
://nextjs.org/docs/mess
ages/module-not-found)
    at <unknown> (./src
/app/rider/jobs/page.ts
x:6:1)
    at <unknown> (https
://nextjs.org/docs/mess
ages/module-not-found)
    at <unknown> (./src
/app/vendor/requests/pa
ge.tsx:6:1)
    at <unknown> (https
://nextjs.org/docs/mess
ages/module-not-found)
    at <unknown> (./src
/app/vendor/respond/[id
]/page.tsx:5:1)
    at <unknown> (https
://nextjs.org/docs/mess
ages/module-not-found)
    at <unknown> (./src
/app/vendor/respond/[id
]/page.tsx:7:1)
    at <unknown> (https
://nextjs.org/docs/mess
ages/module-not-found)
    at <unknown> (./src
/app/vendor/respond/[id
]/page.tsx:10:1)
    at <unknown> (https
://nextjs.org/docs/mess
ages/module-not-found)
    at <unknown> (./src
/app/vendor/respond/[id
]/page.tsx:8:1)
    at <unknown> (https
://nextjs.org/docs/mess
ages/module-not-found)
    at <unknown> (./src
/app/vendor/respond/[id
]/page.tsx:9:1)
    at <unknown> (https
://nextjs.org/docs/mess
ages/module-not-found)
    at <unknown> (./src
/app/request-item/page.
tsx:6:1)
    at <unknown> (https
://nextjs.org/docs/mess
ages/module-not-found)
    at <unknown> (./src
/app/requests/page.tsx:
6:1)
    at <unknown> (https
://nextjs.org/docs/mess
ages/module-not-found)
    at <unknown> (./src
/app/page.tsx:6:1)
    at <unknown> (https
://nextjs.org/docs/mess
ages/module-not-found)
    at <unknown> (https
://nextjs.org/docs/mess
ages/module-not-found)
