src/app/order/[id]/page.tsx(6,39): error TS2307: Cannot find module '../../../utils/api' or its corresponding type declarations.
src/app/order/[id]/page.tsx(195,8): error TS2304: Cannot find name 'AnimatePresence'.
src/app/order/[id]/page.tsx(213,9): error TS2304: Cannot find name 'AnimatePresence'.
src/app/page.tsx(6,32): error TS2307: Cannot find module '../utils/api' or its corresponding type declarations.
src/app/page.tsx(154,18): error TS2304: Cannot find name 'AnimatePresence'.
src/app/page.tsx(272,19): error TS2304: Cannot find name 'AnimatePresence'.
src/app/request-item/page.tsx(6,31): error TS2307: Cannot find module '../../utils/api' or its corresponding type declarations.
src/app/request-item/page.tsx(172,12): error TS2304: Cannot find name 'Zap'.
src/app/requests/page.tsx(6,79): error TS2307: Cannot find module '../../utils/api' or its corresponding type declarations.
src/app/requests/page.tsx(138,42): error TS2322: Type '{ hidden: { opacity: number; y: number; }; show: { opacity: number; y: number; transition: { type: string; stiffness: number; damping: number; }; }; }' is not assignable to type 'Variants'.
  Property 'show' is incompatible with index signature.
    Type '{ opacity: number; y: number; transition: { type: string; stiffness: number; damping: number; }; }' is not assignable to type 'Variant'.
      Type '{ opacity: number; y: number; transition: { type: string; stiffness: number; damping: number; }; }' is not assignable to type 'TargetAndTransition'.
        Type '{ opacity: number; y: number; transition: { type: string; stiffness: number; damping: number; }; }' is not assignable to type '{ transition?: Transition<any>; transitionEnd?: ResolvedValues$1; }'.
          Types of property 'transition' are incompatible.
            Type '{ type: string; stiffness: number; damping: number; }' is not assignable to type 'Transition<any>'.
              Type '{ type: string; stiffness: number; damping: number; }' is not assignable to type 'TransitionWithValueOverrides<any>'.
                Type '{ type: string; stiffness: number; damping: number; }' is not assignable to type 'ValueAnimationTransition<any>'.
                  Types of property 'type' are incompatible.
                    Type 'string' is not assignable to type 'AnimationGeneratorType'.
src/app/rider/history/page.tsx(6,39): error TS2307: Cannot find module '../../../utils/api' or its corresponding type declarations.
src/app/rider/history/page.tsx(135,40): error TS2322: Type '{ hidden: { opacity: number; y: number; }; show: { opacity: number; y: number; transition: { type: string; stiffness: number; damping: number; }; }; }' is not assignable to type 'Variants'.
  Property 'show' is incompatible with index signature.
    Type '{ opacity: number; y: number; transition: { type: string; stiffness: number; damping: number; }; }' is not assignable to type 'Variant'.
      Type '{ opacity: number; y: number; transition: { type: string; stiffness: number; damping: number; }; }' is not assignable to type 'TargetAndTransition'.
        Type '{ opacity: number; y: number; transition: { type: string; stiffness: number; damping: number; }; }' is not assignable to type '{ transition?: Transition<any>; transitionEnd?: ResolvedValues$1; }'.
          Types of property 'transition' are incompatible.
            Type '{ type: string; stiffness: number; damping: number; }' is not assignable to type 'Transition<any>'.
              Type '{ type: string; stiffness: number; damping: number; }' is not assignable to type 'TransitionWithValueOverrides<any>'.
                Type '{ type: string; stiffness: number; damping: number; }' is not assignable to type 'ValueAnimationTransition<any>'.
                  Types of property 'type' are incompatible.
                    Type 'string' is not assignable to type 'AnimationGeneratorType'.
src/app/rider/jobs/page.tsx(6,61): error TS2307: Cannot find module '../../../utils/api' or its corresponding type declarations.
src/app/rider/jobs/page.tsx(171,46): error TS2322: Type '{ hidden: { opacity: number; y: number; }; show: { opacity: number; y: number; transition: { type: string; stiffness: number; damping: number; }; }; }' is not assignable to type 'Variants'.
  Property 'show' is incompatible with index signature.
    Type '{ opacity: number; y: number; transition: { type: string; stiffness: number; damping: number; }; }' is not assignable to type 'Variant'.
      Type '{ opacity: number; y: number; transition: { type: string; stiffness: number; damping: number; }; }' is not assignable to type 'TargetAndTransition'.
        Type '{ opacity: number; y: number; transition: { type: string; stiffness: number; damping: number; }; }' is not assignable to type '{ transition?: Transition<any>; transitionEnd?: ResolvedValues$1; }'.
          Types of property 'transition' are incompatible.
            Type '{ type: string; stiffness: number; damping: number; }' is not assignable to type 'Transition<any>'.
              Type '{ type: string; stiffness: number; damping: number; }' is not assignable to type 'TransitionWithValueOverrides<any>'.
                Type '{ type: string; stiffness: number; damping: number; }' is not assignable to type 'ValueAnimationTransition<any>'.
                  Types of property 'type' are incompatible.
                    Type 'string' is not assignable to type 'AnimationGeneratorType'.
src/app/rider/jobs/page.tsx(247,46): error TS2322: Type '{ hidden: { opacity: number; y: number; }; show: { opacity: number; y: number; transition: { type: string; stiffness: number; damping: number; }; }; }' is not assignable to type 'Variants'.
  Property 'show' is incompatible with index signature.
    Type '{ opacity: number; y: number; transition: { type: string; stiffness: number; damping: number; }; }' is not assignable to type 'Variant'.
      Type '{ opacity: number; y: number; transition: { type: string; stiffness: number; damping: number; }; }' is not assignable to type 'TargetAndTransition'.
        Type '{ opacity: number; y: number; transition: { type: string; stiffness: number; damping: number; }; }' is not assignable to type '{ transition?: Transition<any>; transitionEnd?: ResolvedValues$1; }'.
          Types of property 'transition' are incompatible.
            Type '{ type: string; stiffness: number; damping: number; }' is not assignable to type 'Transition<any>'.
              Type '{ type: string; stiffness: number; damping: number; }' is not assignable to type 'TransitionWithValueOverrides<any>'.
                Type '{ type: string; stiffness: number; damping: number; }' is not assignable to type 'ValueAnimationTransition<any>'.
                  Types of property 'type' are incompatible.
                    Type 'string' is not assignable to type 'AnimationGeneratorType'.
src/app/utils/api.ts(2,42): error TS2307: Cannot find module '/utils/supabase/info' or its corresponding type declarations.
src/app/vendor/requests/page.tsx(6,43): error TS2307: Cannot find module '../../../utils/api' or its corresponding type declarations.
src/app/vendor/requests/page.tsx(108,42): error TS2322: Type '{ hidden: { opacity: number; y: number; }; show: { opacity: number; y: number; transition: { type: string; stiffness: number; damping: number; }; }; }' is not assignable to type 'Variants'.
  Property 'show' is incompatible with index signature.
    Type '{ opacity: number; y: number; transition: { type: string; stiffness: number; damping: number; }; }' is not assignable to type 'Variant'.
      Type '{ opacity: number; y: number; transition: { type: string; stiffness: number; damping: number; }; }' is not assignable to type 'TargetAndTransition'.
        Type '{ opacity: number; y: number; transition: { type: string; stiffness: number; damping: number; }; }' is not assignable to type '{ transition?: Transition<any>; transitionEnd?: ResolvedValues$1; }'.
          Types of property 'transition' are incompatible.
            Type '{ type: string; stiffness: number; damping: number; }' is not assignable to type 'Transition<any>'.
              Type '{ type: string; stiffness: number; damping: number; }' is not assignable to type 'TransitionWithValueOverrides<any>'.
                Type '{ type: string; stiffness: number; damping: number; }' is not assignable to type 'ValueAnimationTransition<any>'.
                  Types of property 'type' are incompatible.
                    Type 'string' is not assignable to type 'AnimationGeneratorType'.
src/app/vendor/respond/[id]/page.tsx(5,25): error TS2307: Cannot find module '../../components/Root' or its corresponding type declarations.
src/app/vendor/respond/[id]/page.tsx(7,24): error TS2307: Cannot find module '../../components/ui/button' or its corresponding type declarations.
src/app/vendor/respond/[id]/page.tsx(8,23): error TS2307: Cannot find module '../../components/ui/input' or its corresponding type declarations.
src/app/vendor/respond/[id]/page.tsx(9,23): error TS2307: Cannot find module '../../components/ui/label' or its corresponding type declarations.
src/app/vendor/respond/[id]/page.tsx(10,75): error TS2307: Cannot find module '../../components/ui/card' or its corresponding type declarations.
src/main.tsx(3,19): error TS2307: Cannot find module './app/App.tsx' or its corresponding type declarations.
supabase/functions/server/index.tsx(1,22): error TS2307: Cannot find module 'npm:hono' or its corresponding type declarations.
supabase/functions/server/index.tsx(2,22): error TS2307: Cannot find module 'npm:hono/cors' or its corresponding type declarations.
supabase/functions/server/index.tsx(3,24): error TS2307: Cannot find module 'npm:hono/logger' or its corresponding type declarations.
supabase/functions/server/index.tsx(4,30): error TS2307: Cannot find module 'npm:@supabase/supabase-js' or its corresponding type declarations.
supabase/functions/server/index.tsx(5,21): error TS5097: An import path can only end with a '.tsx' extension when 'allowImportingTsExtensions' is enabled.
supabase/functions/server/index.tsx(11,3): error TS2304: Cannot find name 'Deno'.
supabase/functions/server/index.tsx(12,3): error TS2304: Cannot find name 'Deno'.
supabase/functions/server/index.tsx(418,1): error TS2304: Cannot find name 'Deno'.
supabase/functions/server/kv_store.tsx(13,30): error TS2307: Cannot find module 'jsr:@supabase/supabase-js@2.49.8' or its corresponding type declarations.
supabase/functions/server/kv_store.tsx(16,3): error TS2304: Cannot find name 'Deno'.
supabase/functions/server/kv_store.tsx(17,3): error TS2304: Cannot find name 'Deno'.
